<h1>Windows (Active Perl) Installation Instructions</h1>
<p>
<a  href="http://www.activestate.com/">http://www.activestate.com/</a>
</p>
<p>
Once you have installed Active Perl you need to configure an additional PPM
repositor and then you can install Padre using the ppm packaging system.
Let's see how to do it in the Command Shell:
</p>
<pre>
Start/Run/cmd ENTER
ppm rep add wxperl http://www.wxperl.co.uk/repository  

ppm install Alien-wxWidgets
ppm install Wx
ppm install Padre
</pre>
<p>
You might have to install Alien-wxWidgets-gcc. If this conflicts with Alien-wxWidgets - you can try use --force: 
<tt>
ppm install  Alien-wxWidgets-gcc  --force
</tt>
</p>
<p>
Once that's done you can start Padre by typing
<tt>
perl c:\perl\site\bin\padre
</tt>
or
<tt>
wperl c:\perl\site\bin\padre
</tt>
</p>
<p>
Replace &quot;c:\perl&quot; with the path, where Active Perl is installed.
</p>
<h4>Older Active Perl details</h4>
<p>
The manual installation is still a bit rough but we are working on improving it.
</p>
<blockquote>
<p>
 1) (A) Most of the modules - can be taken from the main  <a  href="/wiki/ActiveState">ActiveState</a> Package Repository. 
</p>
</blockquote>
<blockquote>
<p>
 (B) For Active Perl there are prebuilt PPM versions of Alien::wxWidgets and Wx (aka. wxPerl)
 and can be installed from <a  href="http://wxperl.co.uk/">http://wxperl.co.uk/</a>. 
</p>
</blockquote>
<blockquote>
<p>
 So add the wxperl repository to the PPM: <a  href="http://www.wxperl.co.uk/repository">http://www.wxperl.co.uk/repository</a>
 (for detailed instructions see <a  href="http://wxperl.co.uk/ppm.html">http://wxperl.co.uk/ppm.html</a> )
 (and even more info here <a  href="http://docs.activestate.com/activeperl/5.10/faq/ActivePerl-faq2.html">http://docs.activestate.com/activeperl/5.10/faq/ActivePerl-faq2.html</a> )
</p>
</blockquote>
<blockquote>
<p>
 Adding the repository to your PPM repository list:  
 In PPM4 (<a  href="/wiki/ActivePerl">ActivePerl</a> 820+) this is most easily done via the GUI menu option:  Edit -&gt; Preferences. 
</p>
<p>
 If you use PPM3 - or used to command line (==DOS , still usable for PPM4) - you can do: 
   <tt>
</p>
</blockquote>
<p>
ppm rep add wxperl <a  href="http://www.wxperl.co.uk/repository">http://www.wxperl.co.uk/repository</a> 
</p>
<blockquote>
<p>
   <tt>
</p>
</blockquote>
   }}}
<blockquote>
<p>
 2) Install all the packages (except of course perl) listed as &quot;requires&quot; on
    <a  href="http://svn.perlide.org/padre/trunk/Padre/Makefile.PL">http://svn.perlide.org/padre/trunk/Padre/Makefile.PL</a>  - by using ppm. 
  Don't worry about the order of installation and report us any problem you encounter.
</p>
</blockquote>
<blockquote>
<p>
  You can do in by searching the &quot;requires&quot; packages listed in the above link - 
  either by using the PPM4 GUI, or searching PPM command line (==DOS):
  <tt>
</p>
</blockquote>
<p>
ppm search App::Ack
</p>
<blockquote>
<p>
  <tt>
 The result may look like this:
   </tt>
</p>
</blockquote>
<p>
C:\Documents and Settings\orenm&gt;ppm search App::Ack
Downloading <a  href="/wiki/ActiveState">ActiveState</a> Package Repository packlist...not modified
1: ack
</p>
<blockquote>
<p>
   A grep-like program specifically for large source trees
   Version: 1.86
   Released: 2008-07-09
   Author: Andy Lester &lt;andy@petdance.com&gt;
   Provide: App::Ack version 1.86
   Require: File::Basename
   Require: File::Next version 0.4 or better
   Require: Getopt::Long
   Require: Term::ANSIColor
   Require: Test::Harness version 2.5 or better
   Require: Test::More
   Repo: <a  href="/wiki/ActiveState">ActiveState</a> Package Repository
   CPAN: <a  href="http://search.cpan.org/dist/ack-1.86/">http://search.cpan.org/dist/ack-1.86/</a>
</p>
</blockquote>
   A grep-like program specifically for large source trees
  }}}
<p>
C:\Documents and Settings\orenm&gt;
</p>
<blockquote>
<p>
    <tt>
  So now you shall do: 
    </tt>
</p>
</blockquote>
<p>
ppm install ack
</p>
<blockquote>
<p>
    <tt>
</p>
</blockquote>
    }}}
<blockquote>
<p>
 3) then open the cpan client and install Padre:
</p>
</blockquote>
<pre>
  c:&gt; perl -MCPAN -eshell
  cpan&gt; install Padre
</pre>
<p>
Oren Maurer reported that you might need to force it:
<tt>
</p>
<blockquote>
<p>
  cpan&gt; force install Padre
</p>
</blockquote>
<p>
<tt>
</p>
<p>
at some point you might encounter an error like this:
</p>
<pre>
 Running install for module 'Padre'
 Running make for S/SZ/SZABGAB/Padre-0.06.tar.gz
 CPAN: Digest::SHA loaded ok (v5.45)
 Fetching with LWP:
  http://ppm.activestate.com/CPAN/authors/id/S/SZ/SZABGAB/CHECKSUMS
 Alert: While trying to 'parse' YAML file
  'D:\ActiveState\Perl\cpan\FTPstats.yml'
 with 'YAML::XS' the following error was encountered:
  Usage: YAML::XS::LibYAML::Load(yaml_str) at
 D:\ActiveState\Perl\lib/YAML/XS.pm
  line 70.
</pre>
<p>
The reported solution was this:
<tt>
</p>
<blockquote>
<p>
  [reach the cpan shell:]
  C:\&gt;cpan
  cpan&gt; o conf yaml_module <i>
  cpan&gt; o conf commit
  commit: wrote 'C:\Perl\lib/CPAN/Config.pm'
  cpan&gt; q
</p>
</blockquote>
<p>
<tt>
(See: <a  href="http://groups.google.com/group/de.comp.lang.perl.misc/browse_thread/thread/3a347d02a1ebf464">http://groups.google.com/group/de.comp.lang.perl.misc/browse_thread/thread/3a347d02a1ebf464</a> and
<a  href="http://perl.org.il/pipermail/perl/2008-September/009779.html">http://perl.org.il/pipermail/perl/2008-September/009779.html</a> )
</p>
<p>
Other things that to do and can help:
</p>
<ol><ol><li>upgrading last version of Encode - using ppm , </li></ol></li></ol>
<blockquote>
<p>
   Note: 
      For upgrading all PPM packages, do this (Windows command line, a.k.a Dos)
</p>
</blockquote>
<pre>
    ppm upgrade --install 
</pre>
<ol start="2"><ol start="2"><li>upgrade of Wx - also by using ppm ,
</li><li>installing Alien-wxWidgets (the same way... ppm),
</li><li>And now - do (again with ppm):</li></ol></li></ol>
<pre>
    ppm install  --force Alien-wxWidgets-dev
</pre>
<p>
(See: <a  href="http://meorero.wordpress.com/2009/02/02/padre-on-ms-windows-with-activeperl-5100-build-1004/">http://meorero.wordpress.com/2009/02/02/padre-on-ms-windows-with-activeperl-5100-build-1004/</a>)
</p>
<p>
For more info about &quot;ppm - Perl Package Manager, version 4&quot; - see the <a  href="/wiki/ActivePerl">ActivePerl</a> 5.10 Documentation: 
<a  href="http://docs.activestate.com/activeperl/5.10/bin/ppm.html">http://docs.activestate.com/activeperl/5.10/bin/ppm.html</a>
</p>
<h2>Still Not Working?</h2>
<p>
Following the instructions on this page did not lead to a successful installation?
</p>
<p>
<a  href="http://padre.perlide.org/contact.html">Contact us</a>.
</p>
<p>
We will do our best to help you.
By letting us know that something does not work you will help us, too.
When we know about it, we can improve this documentation and Padre itself.
</p>