<h1>Madriva Installation Instructions</h1>
<h2>Installation using the Package Manager</h2>
<p>
Mandriva 2009.0 comes with pre-packaged Padre 0.10.
Mandriva 2009.1 will ship Padre 0.29.
Mandriva cooker (development version) is following upstream quite closely.
</p>
<p>
To install padre:
</p>
<pre >
# urpmi perl-Padre
</pre>
<h2>Installation from CPAN</h2>
<h3>Mandriva 2008.1</h3>
<p>
To install Padre enter the following commands:
</p>
<pre >
# urpmi perl-Alien-wxWidgets
# urpmi perl-Wx
$ cpan
cpan&gt; install Padre
</pre>
<h2>Still Not Working?</h2>
<p>
Following the instructions on this page did not lead to a successful installation?
</p>
<p>
<a  href="http://padre.perlide.org/contact.html">Contact us</a>.
</p>
<p>
We will do our best to help you.
By letting us know that something does not work you will help us, too.
When we know about it, we can improve this documentation and Padre itself.
</p>