<h1>Learning wxPerl and wxWidgets</h1>
<p>
For those like me (Gabor) who lack imagination here is an explanation of the stack.
</p>
<ul><li>wxWidgets is the name of the C++ library that can be installed either by your operating systems package management tool ( aptitude install  wx-common   in case of Debian ) or  by installing Alien::wxWidgets from CPAN
</li><li><a  href="http://www.scintilla.org/">Scintilla</a> is an editor component written in C++ and used in many editors. It has been included in wxWidgets ad the STC or wxStyledTextCtrl. Padre 0.92 and later will use Wx::Scintilla instead of old Wx::STC to provide the latest and greatest from Scintilla.
</li><li>wxPerl is the name of the Perl binding to wxWidgets (or wrapper if you prefer that word) - It is packaged as the Wx distro on CPAN. Some of the recent Linux distros might also have.
</li><li>Above all that comes our code (Padre in our case)</li></ul>
<p>
<a  href="http://wxperl.sourceforge.net/">Home of wxPerl</a>
</p>
<p>
downloadable version: <a  href="http://prdownloads.sourceforge.net/wxperl/wxPerl-0.82-wx-2.8.7-docs-html.zip">http://prdownloads.sourceforge.net/wxperl/wxPerl-0.82-wx-2.8.7-docs-html.zip</a>
</p>
<p>
<a  href="http://www.wxwidgets.org/">Home of wxWidgets</a>
</p>
<p>
<a  href="http://wxperl.sourceforge.net/tutorial/tutorial.html">tutorial of Mattia Barbon</a>
</p>
<p>
<a  href="http://www.perl.com/pub/a/2001/09/12/wxtutorial1.html">tutorial by Jouke Visser</a>
</p>
<p>
STC or <a  href="/wiki/StyledTextCtrl">StyledTextCtrl</a> is <a  href="http://www.scintilla.org/">Scintilla</a>
</p>
<p>
<a  href="http://www.yellowbrain.com/stc/index.html">Yellow Brain documentation of Wx::StyledTextCtrl</a>
</p>
<p>
<a  href="http://wxruby.rubyforge.org/doc/styledtextctrl.html">Ruby documentation of Wx::StyledTextCtrl</a>
</p>
<p>
<a  href="http://docs.wxwidgets.org/trunk/classwx_styled_text_ctrl.html">http://docs.wxwidgets.org/trunk/classwx_styled_text_ctrl.html</a>
</p>
<p>
<a  href="http://docs.wxwidgets.org/2.8.6/wx_stockitems.html#stockitems">stock items in wx</a>
</p>
<p>
<a  href="http://wxperl.pvoice.org/w/index.php/WxPerlTablet">a kind of WxPerl cheat sheet</a>
</p>
<p>
<a  href="http://use.perl.org/~Alias/journal/39642">Creating GUI code for Padre - A walk through a new feature</a>
</p>
<ul><li><a  href="/wiki/PerlMonks">PerlMonks</a> articles
<ul><li><a  href="http://www.perlmonks.org/?node_id=122227">wxPerl tutorial 3</a>
</li><li><a  href="http://www.perlmonks.org/?node_id=112297">wxPerl Tutorial one :: The basics</a>
</li><li><a  href="http://www.perlmonks.org/?node_id=152323">WxPerl woes -- putting a Tree into a ScrolledWindow</a>
</li><li><a  href="http://www.perlmonks.org/?node_id=153366">XML with wxPerl</a>
</li><li><a  href="http://www.perlmonks.org/?node_id=199840">HWXperl - The place for GUI apps in Perl</a>
</li><li><a  href="http://www.perlmonks.org/?node_id=164341">WxBrowser - a wxPerl HTML Browser</a>
</li><li><a  href="http://www.perlmonks.org/?node_id=290475">WxPerl Login Dialog</a>
</li><li><a  href="http://www.perlmonks.org/?node_id=219778">Tk vs. wxPerl</a>
</li><li><a  href="http://www.perlmonks.org/?node_id=807957">Using Icons on Wx::Notebook</a>
</li><li><a  href="http://www.perlmonks.org/?node_id=758548">Using BoxSizer Layout Manager in wxPerl</a>
</li><li><a  href="http://www.perlmonks.org/?node_id=638554">WxPerl Simplified</a>
</li><li><a  href="http://www.perlmonks.org/?node_id=216762">RegexLab (a wxPerl version)</a>
</li><li><a  href="http://www.perlmonks.org/?node_id=184685">http://www.perlmonks.org/?node_id=184685</a>
</li><li><a  href="http://www.perlmonks.org/?node_id=194611">http://www.perlmonks.org/?node_id=194611</a>
</li><li><a  href="http://www.perlmonks.org/?node_id=287396">http://www.perlmonks.org/?node_id=287396</a></li></ul></li></ul>
<h1>The latest versions of wxPerl, wxWidgets and Scintilla</h1>
<ul><li>Wx (aka wxPerl) latest is 0.89 release on Dec 6, 2008 <a  href="http://search.cpan.org/dist/Wx/">http://search.cpan.org/dist/Wx/</a></li></ul>
<ul><li>Padre 0.90: Wx::Scintilla integration was added through feature_wx_scintilla
</li><li>Padre 0.92: Wx::Scintilla replaced Wx::STC completely.
</li><li>Wx::Scintilla 0.30 supports the Scintilla 2.29 (released on 16th September 2011)
</li><li>Wx::Scintilla 0.36 supports Scintilla 3.0.2.</li></ul>
<h1>Various Items and suggestions</h1>
<p>
See Wx-Perl-<a  href="/wiki/DirTree">DirTree</a> on CPAN
</p>